COPY/PASTE TEST REPORT
Started: 2025-12-22 21:18:20.175167
Passed: 6
Failed: 0

Completed: 2025-12-22 21:18:20.175177
